// Jest Snapshot v1, https://goo.gl/fbAQLP

exports[`SuccessModal has a valid snapshot 1`] = `
<div
  className="sc-bwzfXH bZfzWm"
>
  <div
    className="sc-htpNat hdalJI"
  >
    <div>
      <img
        className="sc-bxivhb eXfqpr"
        src="check.svg"
      />
    </div>
    <span>
      You exchanged 
        £12.34 → 
        £43.21
    </span>
  </div>
  <button
    className="sc-bdVaJa cgzLHg"
    disabled={false}
    onClick={[Function]}
  >
    Done
  </button>
</div>
`;
